8
4
14
4
4
0
0
8
1061760
10000
500
20
10
20
20
3
10
15000
200
200
200
1000
